// Jest Snapshot v1, https://goo.gl/fbAQLP

exports[`Box in case of appartment Matches the snapshot 1`] = `
<div
  className="appartmentbox"
>
  <h3>
    OBS: Din adresse viser, at du bor i lejlighed.
  </h3>
  <p>
    Derfor er risikoberegningen kun gældende for kælderen. Husk stadig at lukke dine vinduer og evt. altandør.
  </p>
</div>
`;
