// Jest Snapshot v1, https://goo.gl/fbAQLP

exports[`Header component it matches the snapshot 1`] = `
<div
  style={
    Object {
      "background": "url(water_header.png)",
      "backgroundPosition": "center center",
      "backgroundRepeat": "no-repeat",
      "backgroundSize": "cover",
      "color": "white",
      "height": "300px",
      "marginBottom": "10px",
      "paddingTop": "100px",
      "textAlign": "center",
    }
  }
>
  <h1
    style={
      Object {
        "fontSize": "50px",
        "fontWeight": "300",
        "textTransform": "uppercase",
      }
    }
  >
    TJEK DIN RISIKO
  </h1>
</div>
`;
